

<!DOCTYPE html>

<html>
	<head><base href="http://localhost:50011/Home">
		<title>Status</title>
	</head>
	<body>
		<h1>Report for Customer Lynn</h1>
		<h3>Shipped Orders:</h3>
			<div># A1201</div>
			<div># A1202</div>

		<h3>Partially Shipped Orders:</h3>
			<div># A1203: waiting 
Hiking Boots			</div>
			
			
		<h3>Unshipped Orders:</h3>
			<div># A1205: 2 items</div>
	
	</body>
</html>