<!DOCTYPE html>
<html>
<head><base href="http://localhost:50011/Home">
    <title>About Us</title>
    <link href="/Content/Site.css" rel="stylesheet" type="text/css" />
    <script src="/Scripts/jquery-1.5.1.min.js" type="text/javascript"></script>
</head>
<body>
    <div class="page">
        <div id="header">
            <div id="title">
                <h1>My MVC Application</h1>
            </div>
            <div id="logindisplay">
                    [ <a href="/Account/LogOn">Log On</a> ]

            </div>
            <div id="menucontainer">
                <ul id="menu">
                    <li><a href="/">Home</a></li>
                    <li><a href="/Home/About">About</a></li>
                </ul>
            </div>
        </div>
        <div id="main">
            
<h2>About</h2>
<p>
	This is my lovely static page.
</p>

        </div>
        <div id="footer">
        </div>
    </div>
</body>
</html>
